../Core/Src/hardware/audio/midi.c:23:11:midi_error	0	static
../Core/Src/hardware/audio/midi.c:27:11:header_info	0	static
../Core/Src/hardware/audio/midi.c:30:11:file_offset_info	0	static
../Core/Src/hardware/audio/midi.c:33:11:track_info	0	static
../Core/Src/hardware/audio/midi.c:36:11:sysex_info	0	static
../Core/Src/hardware/audio/midi.c:41:11:note_off	0	static
../Core/Src/hardware/audio/midi.c:45:11:note_on	0	static
../Core/Src/hardware/audio/midi.c:49:11:key_pressure	0	static
../Core/Src/hardware/audio/midi.c:53:11:control_change	0	static
../Core/Src/hardware/audio/midi.c:57:11:program_change	0	static
../Core/Src/hardware/audio/midi.c:61:11:channel_pressure	0	static
../Core/Src/hardware/audio/midi.c:65:11:pitch_wheel_change	0	static
../Core/Src/hardware/audio/midi.c:68:11:text_event	0	static
../Core/Src/hardware/audio/midi.c:71:11:copyright_notice	0	static
../Core/Src/hardware/audio/midi.c:74:11:track_name	0	static
../Core/Src/hardware/audio/midi.c:77:11:lyric	0	static
../Core/Src/hardware/audio/midi.c:80:11:marker	0	static
../Core/Src/hardware/audio/midi.c:83:11:end_of_track	0	static
../Core/Src/hardware/audio/midi.c:86:11:set_tempo	0	static
../Core/Src/hardware/audio/midi.c:89:11:smpte_offset	0	static
../Core/Src/hardware/audio/midi.c:92:11:time_signature	0	static
../Core/Src/hardware/audio/midi.c:95:11:key_signature	0	static
../Core/Src/hardware/audio/midi.c:98:11:unknown_meta	0	static
../Core/Src/hardware/audio/midi.c:107:5:intvar	8	static
../Core/Src/hardware/audio/midi.c:115:5:int1	0	static
../Core/Src/hardware/audio/midi.c:121:5:int2	0	static
../Core/Src/hardware/audio/midi.c:128:5:int4	0	static
../Core/Src/hardware/audio/midi.c:137:5:match	16	static
../Core/Src/hardware/audio/midi.c:144:5:eat	24	static
../Core/Src/hardware/audio/midi.c:156:6:midi_event	32	static
../Core/Src/hardware/audio/midi.c:190:6:meta_event	56	static
../Core/Src/hardware/audio/midi.c:216:6:sysex_event	40	static
../Core/Src/hardware/audio/midi.c:229:6:init_track	24	static
../Core/Src/hardware/audio/midi.c:240:6:track_interpret	24	static
../Core/Src/hardware/audio/midi.c:266:6:midi_play	24	static
../Core/Src/hardware/audio/midi.c:285:14:midi_init	40	static
