../Core/Src/releases/unit_test.c:62:6:test_scoreboard	8	static
../Core/Src/releases/unit_test.c:36:5:unit_test	8	static
../Core/Src/releases/unit_test.c:69:6:test_buttons	80	static
../Core/Src/releases/unit_test.c:95:6:test_solenoid	48	static
../Core/Src/releases/unit_test.c:130:6:test_servo	48	static
../Core/Src/releases/unit_test.c:169:6:test_leds	32	static
../Core/Src/releases/unit_test.c:226:6:test_i2c	0	static
../Core/Src/releases/unit_test.c:231:6:test_switches	8	static
../Core/Src/releases/unit_test.c:278:6:TIM6_DAC_IRQHandler	16	static
../Core/Src/releases/unit_test.c:304:6:init_dac	0	static
../Core/Src/releases/unit_test.c:320:6:init_tim6	0	static
../Core/Src/releases/unit_test.c:333:6:note_off	8	static
../Core/Src/releases/unit_test.c:348:6:note_on	24	static
../Core/Src/releases/unit_test.c:368:6:set_tempo	8	static
../Core/Src/releases/unit_test.c:388:6:pitch_wheel_change	32	static
../Core/Src/releases/unit_test.c:430:6:TIM2_IRQHandler	8	static
../Core/Src/releases/unit_test.c:447:6:init_tim2	0	static
../Core/Src/releases/unit_test.c:460:6:test_audio	8	static
../Core/Src/releases/unit_test.c:472:6:test_gpio_led	16	static
