../Core/Src/hardware/STM32.c:16:6:init_pb12	0	static
../Core/Src/hardware/STM32.c:26:6:init_pc0	16	static
../Core/Src/hardware/STM32.c:36:6:init_pc1	16	static
../Core/Src/hardware/STM32.c:49:6:init_pb4	0	static
../Core/Src/hardware/STM32.c:69:6:init_pa8	0	static
../Core/Src/hardware/STM32.c:78:6:init_pa0	0	static
../Core/Src/hardware/STM32.c:85:6:init_pa1	0	static
../Core/Src/hardware/STM32.c:92:6:init_pa2	0	static
../Core/Src/hardware/STM32.c:99:6:init_pa3	0	static
../Core/Src/hardware/STM32.c:106:6:init_pb0	0	static
../Core/Src/hardware/STM32.c:113:6:init_pb1	0	static
../Core/Src/hardware/STM32.c:120:6:init_pc5	0	static
../Core/Src/hardware/STM32.c:129:6:init_pb13	0	static
../Core/Src/hardware/STM32.c:137:6:init_pc6	0	static
../Core/Src/hardware/STM32.c:144:6:init_pc7	0	static
../Core/Src/hardware/STM32.c:150:6:init_pc8	0	static
../Core/Src/hardware/STM32.c:156:6:init_pc9	0	static
../Core/Src/hardware/STM32.c:164:6:init_pb6	0	static
../Core/Src/hardware/STM32.c:172:6:init_pb7	0	static
../Core/Src/hardware/STM32.c:182:5:poll_pc0	0	static
../Core/Src/hardware/STM32.c:187:5:poll_pc1	0	static
../Core/Src/hardware/STM32.c:192:5:poll_pa0	0	static
../Core/Src/hardware/STM32.c:195:5:poll_pa1	0	static
../Core/Src/hardware/STM32.c:198:5:poll_pa2	0	static
../Core/Src/hardware/STM32.c:201:5:poll_pa3	0	static
../Core/Src/hardware/STM32.c:204:5:poll_pb0	0	static
../Core/Src/hardware/STM32.c:207:5:poll_pb1	0	static
../Core/Src/hardware/STM32.c:210:5:poll_pc5	0	static
../Core/Src/hardware/STM32.c:215:6:set_pin	0	static
../Core/Src/hardware/STM32.c:223:6:set_pb12	8	static
../Core/Src/hardware/STM32.c:227:6:set_pb13	8	static
../Core/Src/hardware/STM32.c:231:6:set_pc6	8	static
../Core/Src/hardware/STM32.c:235:6:set_pc7	8	static
../Core/Src/hardware/STM32.c:239:6:set_pc8	8	static
../Core/Src/hardware/STM32.c:243:6:set_pc9	8	static
../Core/Src/hardware/STM32.c:247:6:init_tim1	0	static
../Core/Src/hardware/STM32.c:265:6:init_tim3	8	static
../Core/Src/hardware/STM32.c:305:6:init_dma1_ch3	12	static
../Core/Src/hardware/STM32.c:335:6:init_i2c_p1	0	static
../Core/Src/hardware/STM32.c:370:6:init_i2c_p2	0	static
../Core/Src/hardware/STM32.c:405:6:i2c_waitidle_send	0	static
../Core/Src/hardware/STM32.c:409:6:i2c_waitidle_recv	0	static
