../Core/Src/hardware/TFT_LCD_legacy.c:46:13:tft_reset	0	static
../Core/Src/hardware/TFT_LCD_legacy.c:56:13:tft_reg_select	0	static
../Core/Src/hardware/TFT_LCD_legacy.c:25:13:tft_select	0	static
../Core/Src/hardware/TFT_LCD_legacy.c:74:6:LCD_Reset	8	static,ignoring_inline_asm
../Core/Src/hardware/TFT_LCD_legacy.c:145:6:LCD_WR_REG	8	static
../Core/Src/hardware/TFT_LCD_legacy.c:155:6:LCD_WR_DATA	8	static
../Core/Src/hardware/TFT_LCD_legacy.c:165:6:LCD_WriteData16_Prepare	8	static
../Core/Src/hardware/TFT_LCD_legacy.c:172:6:LCD_WriteData16	0	static
../Core/Src/hardware/TFT_LCD_legacy.c:180:6:LCD_WriteData16_End	0	static
../Core/Src/hardware/TFT_LCD_legacy.c:187:6:LCD_WriteReg	8	static
../Core/Src/hardware/TFT_LCD_legacy.c:194:6:LCD_WriteRAM_Prepare	8	static
../Core/Src/hardware/TFT_LCD_legacy.c:200:6:LCD_direction	8	static
../Core/Src/hardware/TFT_LCD_legacy.c:231:6:LCD_Init	8	static,ignoring_inline_asm
../Core/Src/hardware/TFT_LCD_legacy.c:343:6:LCD_Setup	8	static
../Core/Src/hardware/TFT_LCD_legacy.c:354:6:LCD_SetWindow	32	static
../Core/Src/hardware/TFT_LCD_legacy.c:394:13:_LCD_DrawPoint	8	static
../Core/Src/hardware/TFT_LCD_legacy.c:412:13:_LCD_DrawLine	56	static
../Core/Src/hardware/TFT_LCD_legacy.c:496:13:_draw_circle_8	40	static
../Core/Src/hardware/TFT_LCD_legacy.c:471:13:_LCD_Fill	32	static
../Core/Src/hardware/TFT_LCD_legacy.c:374:6:LCD_Clear	24	static
../Core/Src/hardware/TFT_LCD_legacy.c:402:6:LCD_DrawPoint	24	static
../Core/Src/hardware/TFT_LCD_legacy.c:448:6:LCD_DrawLine	40	static
../Core/Src/hardware/TFT_LCD_legacy.c:458:6:LCD_DrawRectangle	40	static
../Core/Src/hardware/TFT_LCD_legacy.c:489:6:LCD_DrawFillRectangle	40	static
../Core/Src/hardware/TFT_LCD_legacy.c:512:6:LCD_Circle	48	static
../Core/Src/hardware/TFT_LCD_legacy.c:551:6:LCD_DrawTriangle	48	static
../Core/Src/hardware/TFT_LCD_legacy.c:571:6:LCD_DrawFillTriangle	88	static
../Core/Src/hardware/TFT_LCD_legacy.c:864:6:_LCD_DrawChar	56	static
../Core/Src/hardware/TFT_LCD_legacy.c:904:6:LCD_DrawChar	56	static
../Core/Src/hardware/TFT_LCD_legacy.c:918:6:LCD_DrawString	56	static
../Core/Src/hardware/TFT_LCD_legacy.c:935:6:LCD_DrawPicture	48	static
