../Core/Src/hardware/WS2812B_LED.c:42:5:is_ws_queue_empty	0	static
../Core/Src/hardware/WS2812B_LED.c:47:5:is_ws_queue_full	0	static
../Core/Src/hardware/WS2812B_LED.c:52:13:pop_from_ws_queue	16	static
../Core/Src/hardware/WS2812B_LED.c:64:5:add_to_ws_queue	32	static
../Core/Src/hardware/WS2812B_LED.c:77:6:init_ws_led_queue	0	static
../Core/Src/hardware/WS2812B_LED.c:93:6:write_ws_io_buffer	20	static
../Core/Src/hardware/WS2812B_LED.c:104:6:clear_ws_io_buffer	8	static
../Core/Src/hardware/WS2812B_LED.c:113:6:set_ws_led_io_buffer	24	static
../Core/Src/hardware/WS2812B_LED.c:120:6:clear_ws_led_io_buffer	16	static
../Core/Src/hardware/WS2812B_LED.c:144:6:ws_update_buffer	16	static
../Core/Src/hardware/WS2812B_LED.c:180:5:ws_insert_queue	16	static
../Core/Src/hardware/WS2812B_LED.c:190:6:ws_reset_led	0	static
../Core/Src/hardware/WS2812B_LED.c:194:6:ws_enable_led_update	0	static
../Core/Src/hardware/WS2812B_LED.c:197:6:ws_disable_led_update	0	static
../Core/Src/hardware/WS2812B_LED.c:202:6:display_buff	56	static
../Core/Src/hardware/WS2812B_LED.c:128:6:init_ws2812b_leds	16	static
